// Jest Snapshot v1, https://goo.gl/fbAQLP

exports[`Snapshot password-reset default 1`] = `
.c2 {
  margin-bottom: 15px;
  text-align: center;
  color: #212529;
  font-weight: bold;
  font-size: 16.8px;
}

.c3 {
  text-align: center;
  margin-bottom: 10px;
}

.c4 {
  color: #495057;
}

.c0 {
  font-size: 14px;
  -webkit-transition: -webkit-transform 400ms ease, opacity 400ms ease;
  -webkit-transition: transform 400ms ease, opacity 400ms ease;
  transition: transform 400ms ease, opacity 400ms ease;
  opacity: 0;
  padding: 20px;
  border-radius: 3px;
  background-color: #ffffff;
  max-width: 400px;
  box-sizing: border-box;
  margin: 0 auto;
}

.c1 {
  --color-primary: #229955;
  --color-destructive: #dc4e41;
  --color-background: #ffffff;
  --color-text: #495057;
  --color-border: #ced4da;
  --spacing-padding-y: 9;
  --spacing-padding-x: 12;
  --spacing-block-inner-height: 38;
  --spacing: 10;
  --font-generic: 14;
  --border-width: 1;
  --radius: 3;
}

.c9 {
  display: block;
  width: 100%;
  box-sizing: border-box;
  text-align: center;
  font-weight: bold;
  vertical-align: middle;
  -webkit-user-select: none;
  -moz-user-select: none;
  -ms-user-select: none;
  user-select: none;
  touch-action: manipulation;
  cursor: pointer;
  color: #ffffff;
  background-color: #229955;
  border: 1px solid #229955;
  padding: 9px 12px;
  font-size: 14px;
  line-height: 1.428571429;
  border-radius: 3px;
  -webkit-transition: all .15s ease-in-out;
  transition: all .15s ease-in-out;
}

.c9:focus {
  outline: 0;
  box-shadow: 0 0 0 3px rgba(34,153,85,0.5);
}

.c9:hover,
.c9:active {
  background-color: #1b7842;
  border-color: #1b7842;
}

.c9[disabled] {
  opacity: .65;
}

.c5 {
  position: relative;
}

.c7 {
  color: #495057;
  margin-bottom: 5px;
  display: none;
}

.c6 {
  margin-bottom: 10px;
}

.c6 > label::after {
  content: "\\A0*";
  color: #dc4e41;
}

.c8 {
  display: block;
  width: 100%;
  box-sizing: border-box;
  font-size: 14px;
  line-height: 1.428571429;
  color: #495057;
  border-radius: 3px;
  border-width: 1px;
  border-style: solid;
  border-color: #ced4da;
  background-color: #fff;
  background-image: none;
  padding: 9px 12px;
  -webkit-transition: border-color ease-in-out .15s, box-shadow ease-in-out .15s;
  transition: border-color ease-in-out .15s, box-shadow ease-in-out .15s;
  box-shadow: none;
  -webkit-appearance: none;
  -moz-appearance: none;
  appearance: none;
}

.c8:focus {
  border-color: #5fdb94;
  box-shadow: 0 0 0 3px rgba(95,219,148,0.5);
  outline: 0;
}

.c8:disabled,
.c8[readonly] {
  background-color: #e9ecef;
}

.c8::-webkit-input-placeholder {
  color: #868e96;
}

.c8::-moz-placeholder {
  color: #868e96;
}

.c8:-ms-input-placeholder {
  color: #868e96;
}

.c8::placeholder {
  color: #868e96;
}

<div>
  <div
    class="c0 c1 r5-widget"
    transition="entering"
  >
    <div>
      <div
        class="c2"
      >
        passwordReset.title
      </div>
      <div
        class="c3 c4"
      >
        passwordReset.intro
      </div>
      <form
        class="c5"
        novalidate=""
      >
        <div
          class="c6"
          required=""
        >
          <label
            class="c7"
            for="password"
          >
            newPassword
          </label>
          <div
            style="position: relative;"
          >
            <input
              autocomplete="new-password"
              class="c8"
              data-testid="password"
              id="password"
              name="password"
              placeholder="newPassword"
              required=""
              title="newPassword"
              type="password"
              value=""
            />
          </div>
        </div>
        <div
          class="c6"
          required=""
        >
          <label
            class="c7"
            for="password_confirmation"
          >
            passwordConfirmation
          </label>
          <div
            style="position: relative;"
          >
            <input
              autocomplete="new-password"
              class="c8"
              data-testid="password_confirmation"
              id="password_confirmation"
              name="password_confirmation"
              placeholder="passwordConfirmation"
              required=""
              title="passwordConfirmation"
              type="password"
              value=""
            />
          </div>
        </div>
        <button
          class="c9"
          data-testid="submit"
          type="submit"
        >
          send
        </button>
      </form>
    </div>
  </div>
</div>
`;
