// Jest Snapshot v1, https://goo.gl/fbAQLP

exports[`Snapshot password editor basic 1`] = `
.c0 {
  font-size: 14px;
  -webkit-transition: -webkit-transform 400ms ease, opacity 400ms ease;
  -webkit-transition: transform 400ms ease, opacity 400ms ease;
  transition: transform 400ms ease, opacity 400ms ease;
  opacity: 0;
  padding: 20px;
  border-radius: 3px;
  background-color: #ffffff;
  max-width: 400px;
  box-sizing: border-box;
  margin: 0 auto;
}

.c1 {
  --color-primary: #229955;
  --color-destructive: #dc4e41;
  --color-background: #ffffff;
  --color-text: #495057;
  --color-border: #ced4da;
  --spacing-padding-y: 9;
  --spacing-padding-x: 12;
  --spacing-block-inner-height: 38;
  --spacing: 10;
  --font-generic: 14;
  --border-width: 1;
  --radius: 3;
}

.c6 {
  display: block;
  width: 100%;
  box-sizing: border-box;
  text-align: center;
  font-weight: bold;
  vertical-align: middle;
  -webkit-user-select: none;
  -moz-user-select: none;
  -ms-user-select: none;
  user-select: none;
  touch-action: manipulation;
  cursor: pointer;
  color: #ffffff;
  background-color: #229955;
  border: 1px solid #229955;
  padding: 9px 12px;
  font-size: 14px;
  line-height: 1.428571429;
  border-radius: 3px;
  -webkit-transition: all .15s ease-in-out;
  transition: all .15s ease-in-out;
}

.c6:focus {
  outline: 0;
  box-shadow: 0 0 0 3px rgba(34,153,85,0.5);
}

.c6:hover,
.c6:active {
  background-color: #1b7842;
  border-color: #1b7842;
}

.c6[disabled] {
  opacity: .65;
}

.c2 {
  position: relative;
}

.c4 {
  color: #495057;
  margin-bottom: 5px;
  display: none;
}

.c3 {
  margin-bottom: 10px;
}

.c3 > label::after {
  content: "\\A0*";
  color: #dc4e41;
}

.c5 {
  display: block;
  width: 100%;
  box-sizing: border-box;
  font-size: 14px;
  line-height: 1.428571429;
  color: #495057;
  border-radius: 3px;
  border-width: 1px;
  border-style: solid;
  border-color: #ced4da;
  background-color: #fff;
  background-image: none;
  padding: 9px 12px;
  -webkit-transition: border-color ease-in-out .15s, box-shadow ease-in-out .15s;
  transition: border-color ease-in-out .15s, box-shadow ease-in-out .15s;
  box-shadow: none;
  -webkit-appearance: none;
  -moz-appearance: none;
  appearance: none;
}

.c5:focus {
  border-color: #5fdb94;
  box-shadow: 0 0 0 3px rgba(95,219,148,0.5);
  outline: 0;
}

.c5:disabled,
.c5[readonly] {
  background-color: #e9ecef;
}

.c5::-webkit-input-placeholder {
  color: #868e96;
}

.c5::-moz-placeholder {
  color: #868e96;
}

.c5:-ms-input-placeholder {
  color: #868e96;
}

.c5::placeholder {
  color: #868e96;
}

<div>
  <div
    class="c0 c1 r5-widget"
    transition="entering"
  >
    <form
      class="c2"
      novalidate=""
    >
      <div
        class="c3"
        required=""
      >
        <label
          class="c4"
          for="password"
        >
          newPassword
        </label>
        <div
          style="position: relative;"
        >
          <input
            autocomplete="new-password"
            class="c5"
            data-testid="password"
            id="password"
            name="password"
            placeholder="newPassword"
            required=""
            title="newPassword"
            type="password"
            value=""
          />
        </div>
      </div>
      <div
        class="c3"
        required=""
      >
        <label
          class="c4"
          for="password_confirmation"
        >
          passwordConfirmation
        </label>
        <div
          style="position: relative;"
        >
          <input
            autocomplete="new-password"
            class="c5"
            data-testid="password_confirmation"
            id="password_confirmation"
            name="password_confirmation"
            placeholder="passwordConfirmation"
            required=""
            title="passwordConfirmation"
            type="password"
            value=""
          />
        </div>
      </div>
      <button
        class="c6"
        data-testid="submit"
        type="submit"
      >
        send
      </button>
    </form>
  </div>
</div>
`;
