// Jest Snapshot v1, https://goo.gl/fbAQLP

exports[`Snapshot phone number editor basic 1`] = `
.c1 {
  text-align: center;
  margin-bottom: 10px;
}

.c2 {
  color: #495057;
}

.c0 {
  font-size: 14px;
  -webkit-transition: -webkit-transform 400ms ease, opacity 400ms ease;
  -webkit-transition: transform 400ms ease, opacity 400ms ease;
  transition: transform 400ms ease, opacity 400ms ease;
  opacity: 0;
  padding: 20px;
  border-radius: 3px;
  background-color: #ffffff;
  max-width: 400px;
  box-sizing: border-box;
  margin: 0 auto;
}

.c7 {
  display: block;
  width: 100%;
  box-sizing: border-box;
  text-align: center;
  font-weight: bold;
  vertical-align: middle;
  -webkit-user-select: none;
  -moz-user-select: none;
  -ms-user-select: none;
  user-select: none;
  touch-action: manipulation;
  cursor: pointer;
  color: #ffffff;
  background-color: #229955;
  border: 1px solid #229955;
  padding: 9px 12px;
  font-size: 14px;
  line-height: 1.428571429;
  border-radius: 3px;
  -webkit-transition: all .15s ease-in-out;
  transition: all .15s ease-in-out;
}

.c7:focus {
  outline: 0;
  box-shadow: 0 0 0 3px rgba(34,153,85,0.5);
}

.c7:hover,
.c7:active {
  background-color: #1b7842;
  border-color: #1b7842;
}

.c7[disabled] {
  opacity: .65;
}

.c3 {
  position: relative;
}

.c5 {
  color: #495057;
  margin-bottom: 5px;
  display: none;
}

.c4 {
  margin-bottom: 10px;
}

.c4 > label::after {
  content: "\\A0*";
  color: #dc4e41;
}

.c6 {
  display: block;
  width: 100%;
  box-sizing: border-box;
  font-size: 14px;
  line-height: 1.428571429;
  color: #495057;
  border-radius: 3px;
  border-width: 1px;
  border-style: solid;
  border-color: #ced4da;
  background-color: #fff;
  background-image: none;
  padding: 9px 12px;
  -webkit-transition: border-color ease-in-out .15s, box-shadow ease-in-out .15s;
  transition: border-color ease-in-out .15s, box-shadow ease-in-out .15s;
  box-shadow: none;
  -webkit-appearance: none;
  -moz-appearance: none;
  appearance: none;
}

.c6:focus {
  border-color: #5fdb94;
  box-shadow: 0 0 0 3px rgba(95,219,148,0.5);
  outline: 0;
}

.c6:disabled,
.c6[readonly] {
  background-color: #e9ecef;
}

.c6::-webkit-input-placeholder {
  color: #868e96;
}

.c6::-moz-placeholder {
  color: #868e96;
}

.c6:-ms-input-placeholder {
  color: #868e96;
}

.c6::placeholder {
  color: #868e96;
}

<div>
  <div
    class="c0"
  >
    <div>
      <div
        class="c1 c2"
      >
        phoneNumberEditor.intro
      </div>
      <form
        class="c3"
        novalidate=""
      >
        <div
          class="c4"
          required=""
        >
          <label
            class="c5"
            for="phone_number"
          >
            phoneNumber
          </label>
          <input
            autocomplete="tel"
            class="c6"
            data-testid="phone_number"
            id="phone_number"
            labels="[object Object]"
            name="phone_number"
            placeholder="phoneNumber"
            required=""
            type="tel"
            value=""
          />
        </div>
        <button
          class="c7"
          data-testid="submit"
          type="submit"
        >
          send
        </button>
      </form>
    </div>
  </div>
</div>
`;
