// Jest Snapshot v1, https://goo.gl/fbAQLP

exports[`Snapshot basic 1`] = `
.c1 {
  text-align: center;
  margin-bottom: 10px;
}

.c2 {
  color: #495057;
}

.c0 {
  font-size: 14px;
  -webkit-transition: -webkit-transform 400ms ease, opacity 400ms ease;
  -webkit-transition: transform 400ms ease, opacity 400ms ease;
  transition: transform 400ms ease, opacity 400ms ease;
  opacity: 0;
  padding: 20px;
  border-radius: 3px;
  background-color: #ffffff;
  max-width: 400px;
  box-sizing: border-box;
  margin: 0 auto;
}

.c4 {
  display: block;
  width: 100%;
  box-sizing: border-box;
  text-align: center;
  font-weight: bold;
  vertical-align: middle;
  -webkit-user-select: none;
  -moz-user-select: none;
  -ms-user-select: none;
  user-select: none;
  touch-action: manipulation;
  cursor: pointer;
  color: #495057;
  background-color: #ffffff;
  border: 1px solid #ced4da;
  padding: 9px 12px;
  font-size: 14px;
  line-height: 1.428571429;
  border-radius: 3px;
  -webkit-transition: all .15s ease-in-out;
  transition: all .15s ease-in-out;
}

.c4:focus {
  outline: 0;
  box-shadow: 0 0 0 3px rgba(206,212,218,0.5);
}

.c4:hover,
.c4:active {
  color: #495057;
  background-color: #ebebeb;
  border-color: #b7c0c8;
}

.c4[disabled] {
  opacity: .65;
}

.c3 {
  margin-top: 10px;
}

<div>
  <div
    class="c0"
  >
    <div>
      <div
        class="c1 c2"
      >
        socialAccounts.noLinkedAccount
      </div>
    </div>
    <div
      class="c3"
    >
      <button
        class="c4"
      >
        socialAccounts.linkNewAccount
      </button>
    </div>
  </div>
</div>
`;
